[debug] [2026-07-29T21:32:07.030Z] ----------------------------------------------------------------------
[debug] [2026-07-29T21:32:07.032Z] Command:       /Users/michaelzajer/.nvm/versions/node/v22.17.0/bin/node /Users/michaelzajer/.nvm/versions/node/v22.17.0/bin/firebase deploy
[debug] [2026-07-29T21:32:07.032Z] CLI Version:   15.24.0
[debug] [2026-07-29T21:32:07.032Z] Platform:      darwin
[debug] [2026-07-29T21:32:07.032Z] Node Version:  v22.17.0
[debug] [2026-07-29T21:32:07.032Z] Detected Agent: unknown
[debug] [2026-07-29T21:32:07.032Z] Time:          Thu Jul 30 2026 07:32:07 GMT+1000 (Australian Eastern Standard Time)
[debug] [2026-07-29T21:32:07.032Z] ----------------------------------------------------------------------
[debug] 
[debug] [2026-07-29T21:32:07.854Z] > command requires scopes: ["email","openid","https://www.googleapis.com/auth/cloudplatformprojects.readonly","https://www.googleapis.com/auth/firebase","https://www.googleapis.com/auth/cloud-platform"]
[debug] [2026-07-29T21:32:07.854Z] > authorizing via signed-in user (michael.zajer@gmail.com)
[debug] [2026-07-29T21:32:07.854Z] [iam] checking project soccerplaybook-d2506 for permissions ["datastore.indexes.create","datastore.indexes.delete","datastore.indexes.list","datastore.indexes.update","firebase.projects.get","firebasehosting.sites.update"]
[debug] [2026-07-29T21:32:07.858Z] Checked if tokens are valid: false, expires at: 1785319660647
[debug] [2026-07-29T21:32:07.859Z] Checked if tokens are valid: false, expires at: 1785319660647
[debug] [2026-07-29T21:32:07.859Z] > refreshing access token with scopes: []
[debug] [2026-07-29T21:32:07.860Z] >>> [apiv2][query] POST https://www.googleapis.com/oauth2/v3/token [none]
[debug] [2026-07-29T21:32:07.860Z] >>> [apiv2][body] POST https://www.googleapis.com/oauth2/v3/token [omitted]
[debug] [2026-07-29T21:32:08.146Z] <<< [apiv2][status] POST https://www.googleapis.com/oauth2/v3/token 200
[debug] [2026-07-29T21:32:08.146Z] <<< [apiv2][body] POST https://www.googleapis.com/oauth2/v3/token [omitted]
[debug] [2026-07-29T21:32:08.156Z] >>> [apiv2][query] POST https://cloudresourcemanager.googleapis.com/v1/projects/soccerplaybook-d2506:testIamPermissions [none]
[debug] [2026-07-29T21:32:08.157Z] >>> [apiv2][(partial)header] POST https://cloudresourcemanager.googleapis.com/v1/projects/soccerplaybook-d2506:testIamPermissions  x-goog-user-project=soccerplaybook-d2506
[debug] [2026-07-29T21:32:08.157Z] >>> [apiv2][body] POST https://cloudresourcemanager.googleapis.com/v1/projects/soccerplaybook-d2506:testIamPermissions {"permissions":["datastore.indexes.create","datastore.indexes.delete","datastore.indexes.list","datastore.indexes.update","firebase.projects.get","firebasehosting.sites.update"]}
[debug] [2026-07-29T21:32:09.420Z] <<< [apiv2][status] POST https://cloudresourcemanager.googleapis.com/v1/projects/soccerplaybook-d2506:testIamPermissions 200
[debug] [2026-07-29T21:32:09.420Z] <<< [apiv2][body] POST https://cloudresourcemanager.googleapis.com/v1/projects/soccerplaybook-d2506:testIamPermissions {"permissions":["datastore.indexes.create","datastore.indexes.delete","datastore.indexes.list","datastore.indexes.update","firebase.projects.get","firebasehosting.sites.update"]}
[debug] [2026-07-29T21:32:09.421Z] Checked if tokens are valid: true, expires at: 1785364327146
[debug] [2026-07-29T21:32:09.421Z] Checked if tokens are valid: true, expires at: 1785364327146
[debug] [2026-07-29T21:32:09.421Z] >>> [apiv2][query] GET https://firebase.googleapis.com/v1beta1/projects/soccerplaybook-d2506 [none]
[debug] [2026-07-29T21:32:09.960Z] <<< [apiv2][status] GET https://firebase.googleapis.com/v1beta1/projects/soccerplaybook-d2506 200
[debug] [2026-07-29T21:32:09.960Z] <<< [apiv2][body] GET https://firebase.googleapis.com/v1beta1/projects/soccerplaybook-d2506 {"projectId":"soccerplaybook-d2506","projectNumber":"394233153345","displayName":"soccerplaybook","name":"projects/soccerplaybook-d2506","resources":{"hostingSite":"soccerplaybook-d2506"},"state":"ACTIVE","labels":{"firebase":"enabled"},"etag":"1_90812a9a-b738-4826-bda2-7050db94ced1"}
[info] 
[info] === Deploying to 'soccerplaybook-d2506'...
[info] 
[info] i  deploying firestore, hosting 
[info] i  firestore: ensuring required API firestore.googleapis.com is enabled... 
[info] i  firestore: ensuring required API firestore.googleapis.com is enabled... 
[debug] [2026-07-29T21:32:09.964Z] Checked if tokens are valid: true, expires at: 1785364327146
[debug] [2026-07-29T21:32:09.964Z] Checked if tokens are valid: true, expires at: 1785364327146
[debug] [2026-07-29T21:32:09.964Z] >>> [apiv2][query] GET https://firestore.googleapis.com/v1/projects/soccerplaybook-d2506/databases/(default) [none]
[debug] [2026-07-29T21:32:11.330Z] <<< [apiv2][status] GET https://firestore.googleapis.com/v1/projects/soccerplaybook-d2506/databases/(default) 200
[debug] [2026-07-29T21:32:11.331Z] <<< [apiv2][body] GET https://firestore.googleapis.com/v1/projects/soccerplaybook-d2506/databases/(default) {"name":"projects/soccerplaybook-d2506/databases/(default)","uid":"131b005d-d14b-4558-a7d9-dacd7f5b1e43","createTime":"2026-07-20T06:39:53.388356Z","updateTime":"2026-07-20T06:39:53.388356Z","locationId":"nam5","type":"FIRESTORE_NATIVE","concurrencyMode":"PESSIMISTIC","versionRetentionPeriod":"3600s","earliestVersionTime":"2026-07-29T20:32:11.239808Z","appEngineIntegrationMode":"DISABLED","keyPrefix":"s","pointInTimeRecoveryEnablement":"POINT_IN_TIME_RECOVERY_DISABLED","deleteProtectionState":"DELETE_PROTECTION_DISABLED","databaseEdition":"STANDARD","freeTier":true,"realtimeUpdatesMode":"REALTIME_UPDATES_MODE_ENABLED","etag":"II3luYHr+JUDMKr/zLLV4JUD"}
[info] i  cloud.firestore: checking firestore.rules for compilation errors... 
[debug] [2026-07-29T21:32:11.332Z] Checked if tokens are valid: true, expires at: 1785364327146
[debug] [2026-07-29T21:32:11.332Z] Checked if tokens are valid: true, expires at: 1785364327146
[debug] [2026-07-29T21:32:11.333Z] >>> [apiv2][query] POST https://firebaserules.googleapis.com/v1/projects/soccerplaybook-d2506:test [none]
[debug] [2026-07-29T21:32:11.333Z] >>> [apiv2][body] POST https://firebaserules.googleapis.com/v1/projects/soccerplaybook-d2506:test [omitted]
[debug] [2026-07-29T21:32:13.015Z] <<< [apiv2][status] POST https://firebaserules.googleapis.com/v1/projects/soccerplaybook-d2506:test 200
[debug] [2026-07-29T21:32:13.015Z] <<< [apiv2][body] POST https://firebaserules.googleapis.com/v1/projects/soccerplaybook-d2506:test {}
[info] ✔  cloud.firestore: rules file firestore.rules compiled successfully 
[debug] [2026-07-29T21:32:13.017Z] Checked if tokens are valid: true, expires at: 1785364327146
[debug] [2026-07-29T21:32:13.018Z] Checked if tokens are valid: true, expires at: 1785364327146
[debug] [2026-07-29T21:32:13.018Z] >>> [apiv2][query] GET https://firebasehosting.googleapis.com/v1beta1/projects/soccerplaybook-d2506/sites/soccerplaybook-d2506 [none]
[debug] [2026-07-29T21:32:14.543Z] <<< [apiv2][status] GET https://firebasehosting.googleapis.com/v1beta1/projects/soccerplaybook-d2506/sites/soccerplaybook-d2506 200
[debug] [2026-07-29T21:32:14.543Z] <<< [apiv2][body] GET https://firebasehosting.googleapis.com/v1beta1/projects/soccerplaybook-d2506/sites/soccerplaybook-d2506 {"name":"projects/soccerplaybook-d2506/sites/soccerplaybook-d2506","defaultUrl":"https://soccerplaybook-d2506.web.app","type":"DEFAULT_SITE"}
[debug] [2026-07-29T21:32:14.546Z] Checked if tokens are valid: true, expires at: 1785364327146
[debug] [2026-07-29T21:32:14.546Z] Checked if tokens are valid: true, expires at: 1785364327146
[debug] [2026-07-29T21:32:14.547Z] >>> [apiv2][query] POST https://firebasehosting.googleapis.com/v1beta1/projects/-/sites/soccerplaybook-d2506/versions [none]
[debug] [2026-07-29T21:32:14.547Z] >>> [apiv2][body] POST https://firebasehosting.googleapis.com/v1beta1/projects/-/sites/soccerplaybook-d2506/versions {"status":"CREATED","labels":{"deployment-tool":"cli-firebase"}}
[debug] [2026-07-29T21:32:15.874Z] <<< [apiv2][status] POST https://firebasehosting.googleapis.com/v1beta1/projects/-/sites/soccerplaybook-d2506/versions 200
[debug] [2026-07-29T21:32:15.875Z] <<< [apiv2][body] POST https://firebasehosting.googleapis.com/v1beta1/projects/-/sites/soccerplaybook-d2506/versions {"name":"projects/394233153345/sites/soccerplaybook-d2506/versions/c02d545b81d260d4","status":"CREATED","config":{},"labels":{"deployment-tool":"cli-firebase"}}
[debug] [2026-07-29T21:32:15.876Z] Checked if tokens are valid: true, expires at: 1785364327146
[debug] [2026-07-29T21:32:15.876Z] Checked if tokens are valid: true, expires at: 1785364327146
[debug] [2026-07-29T21:32:15.877Z] >>> [apiv2][query] GET https://firebaserules.googleapis.com/v1/projects/soccerplaybook-d2506/releases pageSize=10&pageToken=
[debug] [2026-07-29T21:32:17.415Z] <<< [apiv2][status] GET https://firebaserules.googleapis.com/v1/projects/soccerplaybook-d2506/releases 200
[debug] [2026-07-29T21:32:17.415Z] <<< [apiv2][body] GET https://firebaserules.googleapis.com/v1/projects/soccerplaybook-d2506/releases {"releases":[{"name":"projects/soccerplaybook-d2506/releases/cloud.firestore","rulesetName":"projects/soccerplaybook-d2506/rulesets/75b15af8-89d6-49f1-a981-7efe66e1982c","createTime":"2026-07-20T06:40:09.686658Z","updateTime":"2026-07-28T07:01:09.574267Z"}]}
[debug] [2026-07-29T21:32:17.416Z] Checked if tokens are valid: true, expires at: 1785364327146
[debug] [2026-07-29T21:32:17.416Z] Checked if tokens are valid: true, expires at: 1785364327146
[debug] [2026-07-29T21:32:17.416Z] >>> [apiv2][query] GET https://firebaserules.googleapis.com/v1/projects/soccerplaybook-d2506/rulesets/75b15af8-89d6-49f1-a981-7efe66e1982c [none]
[debug] [2026-07-29T21:32:18.887Z] <<< [apiv2][status] GET https://firebaserules.googleapis.com/v1/projects/soccerplaybook-d2506/rulesets/75b15af8-89d6-49f1-a981-7efe66e1982c 200
[debug] [2026-07-29T21:32:18.888Z] <<< [apiv2][body] GET https://firebaserules.googleapis.com/v1/projects/soccerplaybook-d2506/rulesets/75b15af8-89d6-49f1-a981-7efe66e1982c [omitted]
[info] i  firestore: latest version of firestore.rules already up to date, skipping upload... 
[info] i  firestore: deploying indexes... 
[info] i  hosting[soccerplaybook-d2506]: beginning deploy... 
[info] i  hosting[soccerplaybook-d2506]: found 628 files in . 
[debug] [2026-07-29T21:32:18.954Z] [hosting] uploading with 200 concurrency
[debug] [2026-07-29T21:32:18.980Z] Error: Unknown system error -102: Unknown system error -102, open '/Users/michaelzajer/app/soccerboard/.git/fsmonitor--daemon.ipc'
[error] 
[error] Error: An unexpected error has occurred.
